// Jest Snapshot v1, https://goo.gl/fbAQLP

exports[`options should render default plugin state 1`] = `
Object {
  "appId": null,
  "appName": null,
  "appVersion": null,
  "customResource": null,
  "dataLayerName": "dataLayer",
  "globalObjectName": "gtag",
  "isEnabled": true,
  "preconnectOrigin": "https://www.googletagmanager.com",
  "property": null,
  "resourceURL": "https://www.googletagmanager.com/gtag/js",
  "useDebugger": false,
}
`;
